Microchip MPLAB XC8 Compiler V2.40

Linker command line:

-W-3 \
  --edf=C:\Program Files\Microchip\xc8\v2.40\pic\dat\20220703182018_en.msgs \
  -cn -h+dist/default/production\SmartDoorBasedOn_Pic18f4620.production.sym \
  --cmf=dist/default/production\SmartDoorBasedOn_Pic18f4620.production.cmf \
  -z -Q18F4620 -oC:\Users\MOUSTAFA\AppData\Local\Temp\xcAs4uk.a \
  --defsym=__MPLAB_BUILD=1 --fixupoverflow=error \
  -Mdist/default/production/SmartDoorBasedOn_Pic18f4620.production.map \
  --md=C:\Users\MOUSTAFA\AppData\Local\Temp\xcGs4uk.dat -E1 \
  -ver=XC8 Compiler --acfsm=1493 -ACODE=00h-0FFFFh -ACONST=00h-0FFFFh \
  -ASMALLCONST=01000h-010FFhx240 -AMEDIUMCONST=01000h-0FFFFh \
  -ACOMRAM=01h-07Fh -AABS1=00h-0F7Fh -ABIGRAM=01h-0F7Fh \
  -ARAM=080h-0FFh,0100h-01FFhx14,0F00h-0F7Fh -ABANK0=080h-0FFh \
  -ABANK1=0100h-01FFh -ABANK2=0200h-02FFh -ABANK3=0300h-03FFh \
  -ABANK4=0400h-04FFh -ABANK5=0500h-05FFh -ABANK6=0600h-06FFh \
  -ABANK7=0700h-07FFh -ABANK8=0800h-08FFh -ABANK9=0900h-09FFh \
  -ABANK10=0A00h-0AFFh -ABANK11=0B00h-0BFFh -ABANK12=0C00h-0CFFh \
  -ABANK13=0D00h-0DFFh -ABANK14=0E00h-0EFFh -ABANK15=0F00h-0F7Fh \
  -ASFR=0F80h-0FFFh -ABIGSFR=0F80h-0FFFh -ACONFIG=0300000h-030000Dh \
  -AIDLOC=0200000h-0200007h -AEEDATA=0F00000h-0F003FFh -peeprom_data=EEDATA \
  -preset_vec=00h,intcode=08h,intcodelo,powerup,init -pramtop=01000h \
  -psmallconst=SMALLCONST -pmediumconst=MEDIUMCONST -pconst=CONST \
  -AFARRAM=00h-00h \
  -prdata=COMRAM,nvrram=COMRAM,nvbit=COMRAM,rbss=COMRAM,rbit=COMRAM \
  -pfarbss=FARRAM,fardata=FARRAM,nvFARRAM=FARRAM \
  -pintsave_regs=BIGRAM,bigbss=BIGRAM,bigdata=BIGRAM -pbss=RAM \
  -pidata=CODE,irdata=CODE,ibigdata=CODE,ifardata=CODE -prparam=COMRAM \
  C:\Users\MOUSTAFA\AppData\Local\Temp\xcAs4uk.o \
  dist/default/production\SmartDoorBasedOn_Pic18f4620.production.o 

Object code version is 3.11

Machine type is 18F4620



                Name                               Link     Load   Length Selector   Space Scale
C:\Users\MOUSTAFA\AppData\Local\Temp\xcAs4uk.o
                idloc                            200000   200000        8        0       5
                config                           300000   300000        E        0       4
                init                                  E        E        4        4       0
                reset_vec                             0        0        4        0       0
dist/default/production\SmartDoorBasedOn_Pic18f4620.production.o
                intcode                               8        8        6        4       0
                idloc                            200000   200000        8        0       5
                config                           300000   300000        E        0       4
                temp                                 70       70        1        1       1
                smallconst                         1000     1000       EA      800       0
                text33                             262E     262E        6      875       0
                text32                             25B8     25B8       36      875       0
                text31                             2622     2622        C      875       0
                intcode_body                       2298     2298       56      875       0
                text29                             25EE     25EE       1C      875       0
                text28                             24D4     24D4       3E      875       0
                text27                             1EA0     1EA0       7E      875       0
                text26                             2194     2194       58      875       0
                text25                             1D7E     1D7E       9A      875       0
                text24                             22EE     22EE       52      875       0
                text23                             1770     1770      144      875       0
                text22                             18B4     18B4      12C      875       0
                text21                             207A     207A       62      875       0
                text20                             254A     254A       38      875       0
                text19                             2494     2494       40      875       0
                text18                             2454     2454       40      875       0
                text17                             2414     2414       40      875       0
                text16                             1CC6     1CC6       B8      875       0
                text15                             1B00     1B00      108      875       0
                text14                             1F1E     1F1E       78      875       0
                text13                             2340     2340       50      875       0
                text12                             1E18     1E18       88      875       0
                text11                             2008     2008       72      875       0
                text10                             19E0     19E0      120      875       0
                text9                              1F96     1F96       72      875       0
                text8                              2242     2242       56      875       0
                text7                              1C08     1C08       BE      875       0
                text6                              21EC     21EC       56      875       0
                text5                              2512     2512       38      875       0
                text4                              260A     260A       18      875       0
                text3                              213A     213A       5A      875       0
                text2                              2390     2390       44      875       0
                text1                              20DC     20DC       5E      875       0
                text0                              10EA     10EA      686      875       0
                cstackCOMRAM                         41       41       1B        1       1
                cstackBANK0                          80       80        F       80       1
                dataCOMRAM                            1        1       40        1       1
                bssCOMRAM                            5C       5C       14        1       1
                cinit                              2582     2582       36      875       0
                idataCOMRAM                        23D4     23D4       40      875       0

TOTAL           Name                               Link     Load   Length     Space
        CLASS   CODE           
                intcode                               8        8        6         0
                init                                  E        E        4         0
                reset_vec                             0        0        4         0
                text33                             262E     262E        6         0
                text32                             25B8     25B8       36         0
                text31                             2622     2622        C         0
                intcode_body                       2298     2298       56         0
                text29                             25EE     25EE       1C         0
                text28                             24D4     24D4       3E         0
                text27                             1EA0     1EA0       7E         0
                text26                             2194     2194       58         0
                text25                             1D7E     1D7E       9A         0
                text24                             22EE     22EE       52         0
                text23                             1770     1770      144         0
                text22                             18B4     18B4      12C         0
                text21                             207A     207A       62         0
                text20                             254A     254A       38         0
                text19                             2494     2494       40         0
                text18                             2454     2454       40         0
                text17                             2414     2414       40         0
                text16                             1CC6     1CC6       B8         0
                text15                             1B00     1B00      108         0
                text14                             1F1E     1F1E       78         0
                text13                             2340     2340       50         0
                text12                             1E18     1E18       88         0
                text11                             2008     2008       72         0
                text10                             19E0     19E0      120         0
                text9                              1F96     1F96       72         0
                text8                              2242     2242       56         0
                text7                              1C08     1C08       BE         0
                text6                              21EC     21EC       56         0
                text5                              2512     2512       38         0
                text4                              260A     260A       18         0
                text3                              213A     213A       5A         0
                text2                              2390     2390       44         0
                text1                              20DC     20DC       5E         0
                text0                              10EA     10EA      686         0
                cinit                              2582     2582       36         0
                idataCOMRAM                        23D4     23D4       40         0

        CLASS   CONST          

        CLASS   SMALLCONST     
                smallconst                         1000     1000       EA         0

        CLASS   MEDIUMCONST    

        CLASS   COMRAM         
                temp                                 70       70        1         1
                cstackCOMRAM                         41       41       1B         1
                dataCOMRAM                            1        1       40         1
                bssCOMRAM                            5C       5C       14         1

        CLASS   ABS1           

        CLASS   BIGRAM         

        CLASS   RAM            

        CLASS   BANK0          
                cstackBANK0                          80       80        F         1

        CLASS   BANK1          

        CLASS   BANK2          

        CLASS   BANK3          

        CLASS   BANK4          

        CLASS   BANK5          

        CLASS   BANK6          

        CLASS   BANK7          

        CLASS   BANK8          

        CLASS   BANK9          

        CLASS   BANK10         

        CLASS   BANK11         

        CLASS   BANK12         

        CLASS   BANK13         

        CLASS   BANK14         

        CLASS   BANK15         

        CLASS   SFR            

        CLASS   BIGSFR         

        CLASS   CONFIG         
                config                           300000   300000        E         4

        CLASS   IDLOC          
                idloc                            200000   200000        8         5

        CLASS   EEDATA         

        CLASS   FARRAM         

        CLASS   HEAP           

        CLASS   STACK          



SEGMENTS        Name                           Load    Length   Top    Selector   Space  Class

                reset_vec                      000000  000004  000004         0       0  CODE    
                dataCOMRAM                     000001  000070  000071         1       1  COMRAM  
                intcode                        000008  00000A  000012         4       0  CODE    
                cstackBANK0                    000080  00000F  00008F        80       1  BANK0   
                smallconst                     001000  0000EA  0010EA       800       0  SMALLCON
                text0                          0010EA  00154A  002634       875       0  CODE    


UNUSED ADDRESS RANGES

        Name                Unused          Largest block    Delta
        BANK0            00008F-0000FF               71
        BANK1            000100-0001FF              100
        BANK10           000A00-000AFF              100
        BANK11           000B00-000BFF              100
        BANK12           000C00-000CFF              100
        BANK13           000D00-000DFF              100
        BANK14           000E00-000EFF              100
        BANK15           000F00-000F7F               80
        BANK2            000200-0002FF              100
        BANK3            000300-0003FF              100
        BANK4            000400-0004FF              100
        BANK5            000500-0005FF              100
        BANK6            000600-0006FF              100
        BANK7            000700-0007FF              100
        BANK8            000800-0008FF              100
        BANK9            000900-0009FF              100
        BIGRAM           000071-00007F                F
                         00008F-000F7F              EF1
        BIGSFR           000F80-000FFF               80
        CODE             000004-000007                4
                         000012-000FFF              FEE
                         002634-00FFFF             D9CC
        COMRAM           000071-00007F                F
        CONST            000004-000007                4
                         000012-000FFF              FEE
                         002634-00FFFF             D9CC
        EEDATA           F00000-F003FF              400
        MEDIUMCONST      002634-00FFFF             D9CC
        RAM              00008F-000F7F              100
        SFR              000F80-000FFF               80
        SMALLCONST       002634-00FFFF              100

                                  Symbol Table

Timer0_DeInit@_timer                         cstackCOMRAM 000043
Timer0_Init@_timer                           cstackCOMRAM 000046
Timer0_mode_of_register_size_selcet@_timer   cstackCOMRAM 000043
Timer0_mode_timer_or_counter_selcet@_timer   cstackCOMRAM 000043
Timer0_prescaler_selcet@_timer               cstackCOMRAM 000043
_ADCON1bits                                  (abs)        000FC1
_BlockModeFlag                               bssCOMRAM    00006F
_DC_Obj                                      dataCOMRAM   00003F
_EEADR                                       (abs)        000FA9
_EEADRH                                      (abs)        000FAA
_EECON1bits                                  (abs)        000FA6
_EECON2                                      (abs)        000FA7
_EEDATA                                      (abs)        000FA8
_INTCONbits                                  (abs)        000FF2
_Keypad_Obj                                  dataCOMRAM   00002B
_LATA                                        (abs)        000F89
_LATB                                        (abs)        000F8A
_LATC                                        (abs)        000F8B
_LATD                                        (abs)        000F8C
_LATE                                        (abs)        000F8D
_Lcd_Obj                                     dataCOMRAM   000039
_PIE1bits                                    (abs)        000F9D
_PIR1bits                                    (abs)        000F9E
_PORTA                                       (abs)        000F80
_PORTB                                       (abs)        000F81
_PORTC                                       (abs)        000F82
_PORTD                                       (abs)        000F83
_PORTE                                       (abs)        000F84
_PassTriesCount                              bssCOMRAM    00006E
_SessionCounter                              bssCOMRAM    00006C
_T0CONbits                                   (abs)        000FD5
_T1CONbits                                   (abs)        000FCD
_TIMER0_ISR                                  text32       0025B8
_TIMER0_interruptHandler                     bssCOMRAM    000068
_TIMER1_ISR                                  text31       002622
_TIMER1_interruptHandler                     bssCOMRAM    000064
_TMR0H                                       (abs)        000FD7
_TMR0L                                       (abs)        000FD6
_TMR1H                                       (abs)        000FCF
_TMR1L                                       (abs)        000FCE
_TRISA                                       (abs)        000F92
_TRISB                                       (abs)        000F93
_TRISC                                       (abs)        000F94
_TRISD                                       (abs)        000F95
_TRISE                                       (abs)        000F96
_Timer0Interrupt                             text33       00262E
_Timer0_DeInit                               text29       0025EE
_Timer0_Init                                 text25       001D7E
_Timer0_mode_of_register_size_selcet         text28       0024D4
_Timer0_mode_timer_or_counter_selcet         text27       001EA0
_Timer0_prescaler_selcet                     text26       002194
_TimerDelay                                  dataCOMRAM   000033
__HRAM                                       (abs)        000000
__Habs1                                      abs1         000000
__Hbank0                                     bank0        000000
__Hbank1                                     bank1        000000
__Hbank10                                    bank10       000000
__Hbank11                                    bank11       000000
__Hbank12                                    bank12       000000
__Hbank13                                    bank13       000000
__Hbank14                                    bank14       000000
__Hbank15                                    bank15       000000
__Hbank2                                     bank2        000000
__Hbank3                                     bank3        000000
__Hbank4                                     bank4        000000
__Hbank5                                     bank5        000000
__Hbank6                                     bank6        000000
__Hbank7                                     bank7        000000
__Hbank8                                     bank8        000000
__Hbank9                                     bank9        000000
__Hbigbss                                    bigbss       000000
__Hbigdata                                   bigdata      000000
__Hbigram                                    bigram       000000
__Hbigsfr                                    bigsfr       000000
__Hbss                                       bss          000000
__HbssCOMRAM                                 bssCOMRAM    000000
__Hcinit                                     cinit        000000
__Hclrtext                                   clrtext      000000
__Hcomram                                    comram       000000
__Hconfig                                    config       30000E
__Hconst                                     const        000000
__HcstackBANK0                               cstackBANK0  000000
__HcstackCOMRAM                              cstackCOMRAM 000000
__Hdata                                      data         000000
__HdataCOMRAM                                dataCOMRAM   000000
__Heeprom_data                               eeprom_data  000000
__Hfarbss                                    farbss       000000
__Hfardata                                   fardata      000000
__Hheap                                      heap         000000
__Hibigdata                                  ibigdata     000000
__Hidata                                     idata        000000
__HidataCOMRAM                               idataCOMRAM  000000
__Hidloc                                     idloc        200008
__Hifardata                                  ifardata     000000
__Hinit                                      init         000012
__Hintcode                                   intcode      00000E
__Hintcode_body                              intcode_body 000000
__Hintcodelo                                 intcodelo    00000E
__Hintentry                                  intentry     000000
__Hintret                                    intret       000000
__Hintsave_regs                              intsave_regs 000000
__Hirdata                                    irdata       000000
__Hmediumconst                               mediumconst  000000
__HnvFARRAM                                  nvFARRAM     000000
__Hnvbit                                     nvbit        000000
__Hnvrram                                    nvrram       000000
__Hparam                                     rparam       000000
__Hpowerup                                   powerup      00000E
__Hram                                       ram          000000
__Hramtop                                    ramtop       001000
__Hrbit                                      rbit         000000
__Hrbss                                      rbss         000000
__Hrdata                                     rdata        000000
__Hreset_vec                                 reset_vec    000004
__Hrparam                                    rparam       000000
__Hsfr                                       sfr          000000
__Hsmallconst                                smallconst   0010EA
__Hspace_0                                   (abs)        002634
__Hspace_1                                   (abs)        00008F
__Hspace_2                                   (abs)        000000
__Hspace_4                                   (abs)        60000E
__Hstack                                     stack        000000
__Hstruct                                    struct       000000
__Htemp                                      temp         000071
__Htext                                      text         000000
__Htext0                                     text0        000000
__Htext1                                     text1        000000
__Htext10                                    text10       000000
__Htext11                                    text11       000000
__Htext12                                    text12       000000
__Htext13                                    text13       000000
__Htext14                                    text14       000000
__Htext15                                    text15       000000
__Htext16                                    text16       000000
__Htext17                                    text17       000000
__Htext18                                    text18       000000
__Htext19                                    text19       000000
__Htext2                                     text2        000000
__Htext20                                    text20       000000
__Htext21                                    text21       000000
__Htext22                                    text22       000000
__Htext23                                    text23       000000
__Htext24                                    text24       000000
__Htext25                                    text25       000000
__Htext26                                    text26       000000
__Htext27                                    text27       000000
__Htext28                                    text28       000000
__Htext29                                    text29       000000
__Htext3                                     text3        000000
__Htext31                                    text31       000000
__Htext32                                    text32       000000
__Htext33                                    text33       000000
__Htext34                                    text34       000000
__Htext4                                     text4        000000
__Htext5                                     text5        000000
__Htext6                                     text6        000000
__Htext7                                     text7        000000
__Htext8                                     text8        000000
__Htext9                                     text9        000000
__LRAM                                       (abs)        000001
__Labs1                                      abs1         000000
__Lbank0                                     bank0        000000
__Lbank1                                     bank1        000000
__Lbank10                                    bank10       000000
__Lbank11                                    bank11       000000
__Lbank12                                    bank12       000000
__Lbank13                                    bank13       000000
__Lbank14                                    bank14       000000
__Lbank15                                    bank15       000000
__Lbank2                                     bank2        000000
__Lbank3                                     bank3        000000
__Lbank4                                     bank4        000000
__Lbank5                                     bank5        000000
__Lbank6                                     bank6        000000
__Lbank7                                     bank7        000000
__Lbank8                                     bank8        000000
__Lbank9                                     bank9        000000
__Lbigbss                                    bigbss       000000
__Lbigdata                                   bigdata      000000
__Lbigram                                    bigram       000000
__Lbigsfr                                    bigsfr       000000
__Lbss                                       bss          000000
__LbssCOMRAM                                 bssCOMRAM    000000
__Lcinit                                     cinit        000000
__Lclrtext                                   clrtext      000000
__Lcomram                                    comram       000000
__Lconfig                                    config       000000
__Lconst                                     const        000000
__LcstackBANK0                               cstackBANK0  000000
__LcstackCOMRAM                              cstackCOMRAM 000000
__Ldata                                      data         000000
__LdataCOMRAM                                dataCOMRAM   000000
__Leeprom_data                               eeprom_data  000000
__Lfarbss                                    farbss       000000
__Lfardata                                   fardata      000000
__Lheap                                      heap         000000
__Libigdata                                  ibigdata     000000
__Lidata                                     idata        000000
__LidataCOMRAM                               idataCOMRAM  000000
__Lidloc                                     idloc        000000
__Lifardata                                  ifardata     000000
__Linit                                      init         00000E
__Lintcode                                   intcode      000008
__Lintcode_body                              intcode_body 000000
__Lintcodelo                                 intcodelo    00000E
__Lintentry                                  intentry     000000
__Lintret                                    intret       000000
__Lintsave_regs                              intsave_regs 000000
__Lirdata                                    irdata       000000
__Lmediumconst                               mediumconst  000000
__LnvFARRAM                                  nvFARRAM     000000
__Lnvbit                                     nvbit        000000
__Lnvrram                                    nvrram       000000
__Lparam                                     rparam       000000
__Lpowerup                                   powerup      00000E
__Lram                                       ram          000000
__Lramtop                                    ramtop       001000
__Lrbit                                      rbit         000000
__Lrbss                                      rbss         000000
__Lrdata                                     rdata        000000
__Lreset_vec                                 reset_vec    000000
__Lrparam                                    rparam       000000
__Lsfr                                       sfr          000000
__Lsmallconst                                smallconst   001000
__Lspace_0                                   (abs)        000000
__Lspace_1                                   (abs)        000000
__Lspace_2                                   (abs)        000000
__Lspace_4                                   (abs)        000000
__Lstack                                     stack        000000
__Lstruct                                    struct       000000
__Ltemp                                      temp         000070
__Ltext                                      text         000000
__Ltext0                                     text0        000000
__Ltext1                                     text1        000000
__Ltext10                                    text10       000000
__Ltext11                                    text11       000000
__Ltext12                                    text12       000000
__Ltext13                                    text13       000000
__Ltext14                                    text14       000000
__Ltext15                                    text15       000000
__Ltext16                                    text16       000000
__Ltext17                                    text17       000000
__Ltext18                                    text18       000000
__Ltext19                                    text19       000000
__Ltext2                                     text2        000000
__Ltext20                                    text20       000000
__Ltext21                                    text21       000000
__Ltext22                                    text22       000000
__Ltext23                                    text23       000000
__Ltext24                                    text24       000000
__Ltext25                                    text25       000000
__Ltext26                                    text26       000000
__Ltext27                                    text27       000000
__Ltext28                                    text28       000000
__Ltext29                                    text29       000000
__Ltext3                                     text3        000000
__Ltext31                                    text31       000000
__Ltext32                                    text32       000000
__Ltext33                                    text33       000000
__Ltext34                                    text34       000000
__Ltext4                                     text4        000000
__Ltext5                                     text5        000000
__Ltext6                                     text6        000000
__Ltext7                                     text7        000000
__Ltext8                                     text8        000000
__Ltext9                                     text9        000000
__S0                                         (abs)        002634
__S1                                         (abs)        00008F
__S4                                         (abs)        000000
__S5                                         (abs)        000000
__TimerDelay_ms                              text24       0022EE
__TimerDelay_ms@u16CopyDelay                 cstackCOMRAM 00004A
___heap_hi                                   (abs)        000000
___heap_lo                                   (abs)        000000
___inthi_sp                                  stack        000000
___intlo_sp                                  stack        000000
___param_bank                                (abs)        000000
___rparam_used                               (abs)        000001
___sp                                        stack        000000
__accesstop                                  (abs)        000080
__activetblptr                               (abs)        000003
__end_of_TIMER0_ISR                          text32       0025EE
__end_of_TIMER1_ISR                          text31       00262E
__end_of_Timer0Interrupt                     text33       002634
__end_of_Timer0_DeInit                       text29       00260A
__end_of_Timer0_Init                         text25       001E18
__end_of_Timer0_mode_of_register_size_selcet text28       002512
__end_of_Timer0_mode_timer_or_counter_selcet text27       001F1E
__end_of_Timer0_prescaler_selcet             text26       0021EC
__end_of__TimerDelay_ms                      text24       002340
__end_of__initialization                     cinit        0025AE
__end_of_btn_keypad_values                   smallconst   001011
__end_of_dc_motor_initialize                 text20       002582
__end_of_dc_motor_move_left                  text19       0024D4
__end_of_dc_motor_move_right                 text18       002494
__end_of_dc_motor_stop                       text17       002454
__end_of_eeprom_ReadDataByte                 text5        00254A
__end_of_eeprom_WriteDataByte                text2        0023D4
__end_of_gpio_Pin_Derction_Intialize         text23       0018B4
__end_of_gpio_Pin_Intialize                  text21       0020DC
__end_of_gpio_Pin_Read_Logic                 text16       001D7E
__end_of_gpio_Pin_Write_Logic                text22       0019E0
__end_of_interruptManager                    intcode_body 0022EE
__end_of_keypad_get_value                    text15       001C08
__end_of_keypad_initialize                   text14       001F96
__end_of_lcd_4bit_initialize                 text10       001B00
__end_of_lcd_4bit_send_char_data             text9        002008
__end_of_lcd_4bit_send_command               text11       00207A
__end_of_lcd_4bit_send_string_data           text8        002298
__end_of_main                                text0        001770
__end_of_send_4bit_mode_enable               text13       002390
__end_of_send_data_4bit_mode                 text12       001EA0
__end_of_set_cursor_4bit_mode                text7        001CC6
__end_of_u8ComparePass                       text6        002242
__end_of_u8PassIsSetOrNotSet                 text4        002622
__end_of_vReadBlockOnEEPROM                  text3        002194
__end_of_vWriteBlockOnEEPROM                 text1        00213A
__initialization                             cinit        002582
__mediumconst                                mediumconst  000000
__pbssCOMRAM                                 bssCOMRAM    00005C
__pcinit                                     cinit        002582
__pcstackBANK0                               cstackBANK0  000080
__pcstackCOMRAM                              cstackCOMRAM 000041
__pdataCOMRAM                                dataCOMRAM   000001
__pidataCOMRAM                               idataCOMRAM  0023D4
__pintcode                                   intcode      000008
__pintcode_body                              intcode_body 002298
__psmallconst                                smallconst   001000
__ptext0                                     text0        0010EA
__ptext1                                     text1        0020DC
__ptext10                                    text10       0019E0
__ptext11                                    text11       002008
__ptext12                                    text12       001E18
__ptext13                                    text13       002340
__ptext14                                    text14       001F1E
__ptext15                                    text15       001B00
__ptext16                                    text16       001CC6
__ptext17                                    text17       002414
__ptext18                                    text18       002454
__ptext19                                    text19       002494
__ptext2                                     text2        002390
__ptext20                                    text20       00254A
__ptext21                                    text21       00207A
__ptext22                                    text22       0018B4
__ptext23                                    text23       001770
__ptext24                                    text24       0022EE
__ptext25                                    text25       001D7E
__ptext26                                    text26       002194
__ptext27                                    text27       001EA0
__ptext28                                    text28       0024D4
__ptext29                                    text29       0025EE
__ptext3                                     text3        00213A
__ptext31                                    text31       002622
__ptext32                                    text32       0025B8
__ptext33                                    text33       00262E
__ptext34                                    text34       000000
__ptext4                                     text4        00260A
__ptext5                                     text5        002512
__ptext6                                     text6        0021EC
__ptext7                                     text7        001C08
__ptext8                                     text8        002242
__ptext9                                     text9        001F96
__ramtop                                     ramtop       001000
__smallconst                                 smallconst   001000
_btn_keypad_values                           smallconst   001001
_dc_motor_initialize                         text20       00254A
_dc_motor_move_left                          text19       002494
_dc_motor_move_right                         text18       002454
_dc_motor_stop                               text17       002414
_eeprom_ReadDataByte                         text5        002512
_eeprom_WriteDataByte                        text2        002390
_gpio_Pin_Derction_Intialize                 text23       001770
_gpio_Pin_Intialize                          text21       00207A
_gpio_Pin_Read_Logic                         text16       001CC6
_gpio_Pin_Write_Logic                        text22       0018B4
_interruptManager                            intcode      000008
_keypad_get_value                            text15       001B00
_keypad_initialize                           text14       001F1E
_lat_registers                               dataCOMRAM   00000B
_lcd_4bit_initialize                         text10       0019E0
_lcd_4bit_send_char_data                     text9        001F96
_lcd_4bit_send_command                       text11       002008
_lcd_4bit_send_string_data                   text8        002242
_main                                        text0        0010EA
_port_registers                              dataCOMRAM   000001
_preload_timer                               bssCOMRAM    000066
_preload_timer1                              bssCOMRAM    000062
_send_4bit_mode_enable                       text13       002340
_send_data_4bit_mode                         text12       001E18
_set_cursor_4bit_mode                        text7        001C08
_tris_registers                              dataCOMRAM   000015
_u16DelayCounter                             bssCOMRAM    00006A
_u8ComparePass                               text6        0021EC
_u8PassIsSetOrNotSet                         text4        00260A
_vReadBlockOnEEPROM                          text3        00213A
_vWriteBlockOnEEPROM                         text1        0020DC
btemp                                        temp         000070
dc_motor_initialize@dc_motor                 cstackCOMRAM 000051
dc_motor_initialize@ret                      cstackCOMRAM 000053
dc_motor_move_left@dc_motor                  cstackCOMRAM 00004D
dc_motor_move_left@ret                       cstackCOMRAM 00004F
dc_motor_move_right@dc_motor                 cstackCOMRAM 00004D
dc_motor_move_right@ret                      cstackCOMRAM 00004F
dc_motor_stop@dc_motor                       cstackCOMRAM 00004D
dc_motor_stop@ret                            cstackCOMRAM 00004F
eeprom_ReadDataByte@badd                     cstackCOMRAM 000043
eeprom_ReadDataByte@data                     cstackCOMRAM 000045
eeprom_WriteDataByte@badd                    cstackCOMRAM 000043
eeprom_WriteDataByte@data                    cstackCOMRAM 000045
eeprom_WriteDataByte@interrupt_status        cstackCOMRAM 000046
end_of_initialization                        cinit        0025AE
gpio_Pin_Derction_Intialize@pin_config       cstackCOMRAM 000043
gpio_Pin_Derction_Intialize@ret              cstackCOMRAM 00004B
gpio_Pin_Intialize@pin_config                cstackCOMRAM 00004D
gpio_Pin_Intialize@ret                       cstackCOMRAM 000050
gpio_Pin_Read_Logic@logic                    cstackCOMRAM 000045
gpio_Pin_Read_Logic@pin_config               cstackCOMRAM 000043
gpio_Pin_Read_Logic@ret                      cstackCOMRAM 00004C
gpio_Pin_Write_Logic@logic                   cstackCOMRAM 000045
gpio_Pin_Write_Logic@pin_config              cstackCOMRAM 000043
gpio_Pin_Write_Logic@ret                     cstackCOMRAM 00004C
int$flags                                    temp         000070
int_func                                     intcode_body 002298
intlevel0                                    text         000000
intlevel1                                    text         000000
intlevel2                                    text         000000
intlevel3                                    text         000000
isa$std                                      (abs)        000001
isa$xinst                                    (abs)        000000
keypad_get_value@_keypad_obj                 cstackCOMRAM 00004D
keypad_get_value@column_logic_pin            cstackCOMRAM 000053
keypad_get_value@counter_colums              cstackCOMRAM 000056
keypad_get_value@counter_rows                cstackCOMRAM 000055
keypad_get_value@l_counter                   cstackCOMRAM 000054
keypad_get_value@value                       cstackCOMRAM 00004F
keypad_initialize@_keypad_obj                cstackCOMRAM 000051
keypad_initialize@keypad_colums              cstackCOMRAM 000056
keypad_initialize@keypad_rows                cstackCOMRAM 000055
lcd_4bit_initialize@_lcd                     cstackCOMRAM 000055
lcd_4bit_initialize@l_counter                cstackCOMRAM 000059
lcd_4bit_initialize@ret                      cstackCOMRAM 00005A
lcd_4bit_send_char_data@_lcd                 cstackCOMRAM 000051
lcd_4bit_send_char_data@data                 cstackCOMRAM 000053
lcd_4bit_send_char_data@ret                  cstackCOMRAM 000054
lcd_4bit_send_command@_lcd                   cstackCOMRAM 000051
lcd_4bit_send_command@command                cstackCOMRAM 000053
lcd_4bit_send_command@ret                    cstackCOMRAM 000054
lcd_4bit_send_string_data@_lcd               cstackCOMRAM 000055
lcd_4bit_send_string_data@str                cstackCOMRAM 000057
main@F3192                                   dataCOMRAM   000027
main@F3195                                   dataCOMRAM   000023
main@F3197                                   dataCOMRAM   00001F
main@Pass                                    cstackBANK0  000080
main@PassCounter                             cstackBANK0  00008C
main@PassCounter_237                         cstackBANK0  00008D
main@PassStored                              cstackBANK0  000088
main@Pass_239                                cstackBANK0  000084
main@u8KeyPadPressed                         cstackBANK0  00008E
send_4bit_mode_enable@_lcd                   cstackCOMRAM 00004D
send_4bit_mode_enable@ret                    cstackCOMRAM 00004F
send_data_4bit_mode@_lcd                     cstackCOMRAM 00004D
send_data_4bit_mode@data                     cstackCOMRAM 00004F
send_data_4bit_mode@ret                      cstackCOMRAM 000050
set_cursor_4bit_mode@_lcd                    cstackCOMRAM 000055
set_cursor_4bit_mode@column                  cstackCOMRAM 000058
set_cursor_4bit_mode@ret                     cstackCOMRAM 00005B
set_cursor_4bit_mode@row                     cstackCOMRAM 000057
stackhi                                      (abs)        000000
stacklo                                      (abs)        000000
start                                        init         00000E
start_initialization                         cinit        002582
ttemp5                                       temp         000071
ttemp6                                       temp         000074
ttemp7                                       temp         000078
u8ComparePass@Pass1                          cstackCOMRAM 000043
u8ComparePass@Pass2                          cstackCOMRAM 000045
u8ComparePass@PassCounter                    cstackCOMRAM 00004B
u8ComparePass@PassFlag                       cstackCOMRAM 00004A
u8ComparePass@Size                           cstackCOMRAM 000047
u8PassIsSetOrNotSet@Address                  cstackCOMRAM 000047
u8PassIsSetOrNotSet@u8LocDataAdd             cstackCOMRAM 000049
vReadBlockOnEEPROM@LOC_Iterator              cstackCOMRAM 00004F
vReadBlockOnEEPROM@Pass                      cstackCOMRAM 000049
vReadBlockOnEEPROM@Size                      cstackCOMRAM 00004B
vReadBlockOnEEPROM@u16TheStartAddress        cstackCOMRAM 000047
vWriteBlockOnEEPROM@LOC_Iterator             cstackCOMRAM 00004F
vWriteBlockOnEEPROM@Pass                     cstackCOMRAM 000049
vWriteBlockOnEEPROM@Size                     cstackCOMRAM 00004B
vWriteBlockOnEEPROM@u16TheStartAddress       cstackCOMRAM 000047
wtemp8                                       temp         000071


MODULE INFORMATION

Module		Function		Class		Link	Load	Size
MCAL_LAYER/TIMER1/hal_timer1.c
		_TIMER1_ISR    		CODE           	2622	0000	12

MCAL_LAYER/TIMER1/hal_timer1.c estimated size: 12

MCAL_LAYER/TIMER0/hal_timer0.c
		_Timer0_Init   		CODE           	1D7E	0000	154
		_Timer0_mode_timer_or_counter_selcet		CODE           	1EA0	0000	126
		_Timer0_DeInit 		CODE           	25EE	0000	28
		_Timer0_mode_of_register_size_selcet		CODE           	24D4	0000	62
		_TIMER0_ISR    		CODE           	25B8	0000	54
		_Timer0_prescaler_selcet		CODE           	2194	0000	88

MCAL_LAYER/TIMER0/hal_timer0.c estimated size: 512

MCAL_LAYER/GPIO/hal_gpio.c
		_gpio_Pin_Write_Logic		CODE           	18B4	0000	300
		_gpio_Pin_Intialize		CODE           	207A	0000	98
		_gpio_Pin_Read_Logic		CODE           	1CC6	0000	184
		_gpio_Pin_Derction_Intialize		CODE           	1770	0000	324

MCAL_LAYER/GPIO/hal_gpio.c estimated size: 906

shared
		_btn_keypad_values		SMALLCONST     	1001	0000	16
		__initialization		CODE           	2582	0000	44

shared estimated size: 60

ECUAL_LAYER/char_lcd/ecu_char_lcd.c
		_send_data_4bit_mode		CODE           	1E18	0000	136
		_lcd_4bit_send_command		CODE           	2008	0000	114
		_lcd_4bit_send_char_data		CODE           	1F96	0000	114
		_lcd_4bit_send_string_data		CODE           	2242	0000	86
		_send_4bit_mode_enable		CODE           	2340	0000	80
		_lcd_4bit_initialize		CODE           	19E0	0000	288
		_set_cursor_4bit_mode		CODE           	1C08	0000	190

ECUAL_LAYER/char_lcd/ecu_char_lcd.c estimated size: 1008

ECUAL_LAYER/key_pad/ecu_keypad.c
		_keypad_get_value		CODE           	1B00	0000	264
		_keypad_initialize		CODE           	1F1E	0000	120

ECUAL_LAYER/key_pad/ecu_keypad.c estimated size: 384

MCAL_LAYER/interrupt/mcal_interrupt_manager.c
		_interruptManager		CODE           	0008	0000	92

MCAL_LAYER/interrupt/mcal_interrupt_manager.c estimated size: 92

ECUAL_LAYER/DC_Motor/ecu_motor.c
		_dc_motor_stop 		CODE           	2414	0000	64
		_dc_motor_initialize		CODE           	254A	0000	56
		_dc_motor_move_right		CODE           	2454	0000	64
		_dc_motor_move_left		CODE           	2494	0000	64

ECUAL_LAYER/DC_Motor/ecu_motor.c estimated size: 248

MCAL_LAYER/EEPROM/hal_eeprom.c
		_eeprom_ReadDataByte		CODE           	2512	0000	56
		_eeprom_WriteDataByte		CODE           	2390	0000	68

MCAL_LAYER/EEPROM/hal_eeprom.c estimated size: 124

application.c
		_u8PassIsSetOrNotSet		CODE           	260A	0000	24
		_u8ComparePass 		CODE           	21EC	0000	86
		_main          		CODE           	10EA	0000	1670
		_vReadBlockOnEEPROM		CODE           	213A	0000	90
		_vWriteBlockOnEEPROM		CODE           	20DC	0000	94

application.c estimated size: 1964

MCAL_LAYER/Delay/M_Delay.c
		__TimerDelay_ms		CODE           	22EE	0000	82
		_Timer0Interrupt		CODE           	262E	0000	6

MCAL_LAYER/Delay/M_Delay.c estimated size: 88

